
[2026-01-08 11:21:02.156933]
Arquivo salvo: C:\Users\carlo\Organizador Financeiro\financas\normalizado\itau\conta_corrente.parquet
Total de linhas: 8
Outros: 0
Parcelamentos detectados: 5
Assinaturas detectadas: 0
Transferências PF detectadas: 0
----------------------------------------

[2026-01-08 12:58:59.378570]
Arquivo salvo: C:\Users\carlo\Organizador Financeiro\financas\normalizado\itau\conta_corrente.parquet
Total de linhas: 8
Outros: 0
Parcelamentos detectados: 0
Assinaturas detectadas: 0
Transferências PF detectadas: 4
----------------------------------------

[2026-01-08 15:39:55.224555]
Arquivo salvo: C:\Users\carlo\Organizador Financeiro\financas\normalizado\itau\conta_corrente.parquet
Total de linhas: 8
Outros: 0
Parcelamentos detectados: 0
Assinaturas detectadas: 0
Transferências PF detectadas: 4
----------------------------------------

[2026-01-08 15:47:55.393425]
Arquivo salvo: C:\Users\carlo\Organizador Financeiro\financas\normalizado\itau\conta_corrente.parquet
Total de linhas: 8
Outros: 0
Parcelamentos detectados: 0
Assinaturas detectadas: 0
Transferências PF detectadas: 4
----------------------------------------

[2026-01-08 15:56:40.649144]
Arquivo salvo: C:\Users\carlo\Organizador Financeiro\financas\normalizado\itau\conta_corrente.parquet
Total de linhas: 8
Outros: 0
Parcelamentos detectados: 0
Assinaturas detectadas: 0
Transferências PF detectadas: 4
----------------------------------------

[2026-01-08 16:01:20.098861]
Arquivo salvo: C:\Users\carlo\Organizador Financeiro\financas\normalizado\itau\conta_corrente.parquet
Total de linhas: 8
Outros: 0
Parcelamentos detectados: 0
Assinaturas detectadas: 0
Transferências PF detectadas: 2
----------------------------------------

[2026-01-08 16:16:15.339086]
Arquivo salvo: C:\Users\carlo\Organizador Financeiro\financas\normalizado\itau\conta_corrente.parquet
Total de linhas: 8
Outros: 0
Parcelamentos detectados: 0
Assinaturas detectadas: 0
Transferências PF detectadas: 2
----------------------------------------

[2026-01-08 16:28:55.394849]
Arquivo salvo: C:\Users\carlo\Organizador Financeiro\financas\normalizado\itau\conta_corrente.parquet
Total de linhas: 8
Outros: 0
Parcelamentos detectados: 0
Assinaturas detectadas: 0
Transferências PF detectadas: 2
----------------------------------------

[2026-01-08 16:36:48.170166]
Arquivo salvo: C:\Users\carlo\Organizador Financeiro\financas\normalizado\itau\conta_corrente.parquet
Total de linhas: 8
Outros: 0
Parcelamentos detectados: 0
Assinaturas detectadas: 0
Transferências PF detectadas: 2
----------------------------------------

[2026-01-08 16:55:49.158694]
Arquivo salvo: C:\Users\carlo\Organizador Financeiro\financas\normalizado\itau\conta_corrente.parquet
Total de linhas: 8
Outros: 0
Parcelamentos detectados: 0
Assinaturas detectadas: 0
Transferências PF detectadas: 2
----------------------------------------

[2026-01-08 18:06:03.840059]
Arquivo salvo: C:\Users\carlo\Organizador Financeiro\financas\normalizado\itau\conta_corrente.parquet
Total de linhas: 8
Outros: 0
Parcelamentos detectados: 0
Assinaturas detectadas: 0
Transferências PF detectadas: 2
----------------------------------------
